// Bun Snapshot v1, https://goo.gl/fbAQLP

exports[`ModeSelector Component snapshot with blur mode selected 1`] = `"<div data-slot="card" class="bg-card text-card-foreground rounded-xl border shadow-sm w-full max-w-md mx-auto"><div data-slot="card-content" class="p-3 sm:p-4"><div class="flex items-center justify-between gap-2"><button data-slot="button" class="inline-flex items-center justify-center gap-2 whitespace-nowrap rounded-md text-sm font-medium transition-[color,box-shadow] disabled:pointer-events-none disabled:opacity-50 [&amp;_svg]:pointer-events-none [&amp;_svg:not([class*=&#x27;size-&#x27;])]:size-4 [&amp;_svg]:shrink-0 ring-ring/10 dark:ring-ring/20 dark:outline-ring/40 outline-ring/50 focus-visible:ring-4 focus-visible:outline-1 aria-invalid:focus-visible:ring-0 border border-input bg-background shadow-xs hover:bg-accent hover:text-accent-foreground size-9 shrink-0" aria-label="Mode précédent"><svg xmlns="http://www.w3.org/2000/svg" width="24" height="24" viewBox="0 0 24 24" fill="none" stroke="currentColor" stroke-width="2" stroke-linecap="round" stroke-linejoin="round" class="lucide lucide-chevron-left h-4 w-4"><path d="m15 18-6-6 6-6"></path></svg></button><div class="flex-1 text-center"><span class="text-sm sm:text-base font-semibold">Mode Flou</span></div><button data-slot="button" class="inline-flex items-center justify-center gap-2 whitespace-nowrap rounded-md text-sm font-medium transition-[color,box-shadow] disabled:pointer-events-none disabled:opacity-50 [&amp;_svg]:pointer-events-none [&amp;_svg:not([class*=&#x27;size-&#x27;])]:size-4 [&amp;_svg]:shrink-0 ring-ring/10 dark:ring-ring/20 dark:outline-ring/40 outline-ring/50 focus-visible:ring-4 focus-visible:outline-1 aria-invalid:focus-visible:ring-0 border border-input bg-background shadow-xs hover:bg-accent hover:text-accent-foreground size-9 shrink-0" aria-label="Mode suivant"><svg xmlns="http://www.w3.org/2000/svg" width="24" height="24" viewBox="0 0 24 24" fill="none" stroke="currentColor" stroke-width="2" stroke-linecap="round" stroke-linejoin="round" class="lucide lucide-chevron-right h-4 w-4"><path d="m9 18 6-6-6-6"></path></svg></button></div></div></div>"`;

exports[`ModeSelector Component snapshot with zoom mode selected 1`] = `"<div data-slot="card" class="bg-card text-card-foreground rounded-xl border shadow-sm w-full max-w-md mx-auto"><div data-slot="card-content" class="p-3 sm:p-4"><div class="flex items-center justify-between gap-2"><button data-slot="button" class="inline-flex items-center justify-center gap-2 whitespace-nowrap rounded-md text-sm font-medium transition-[color,box-shadow] disabled:pointer-events-none disabled:opacity-50 [&amp;_svg]:pointer-events-none [&amp;_svg:not([class*=&#x27;size-&#x27;])]:size-4 [&amp;_svg]:shrink-0 ring-ring/10 dark:ring-ring/20 dark:outline-ring/40 outline-ring/50 focus-visible:ring-4 focus-visible:outline-1 aria-invalid:focus-visible:ring-0 border border-input bg-background shadow-xs hover:bg-accent hover:text-accent-foreground size-9 shrink-0" aria-label="Mode précédent"><svg xmlns="http://www.w3.org/2000/svg" width="24" height="24" viewBox="0 0 24 24" fill="none" stroke="currentColor" stroke-width="2" stroke-linecap="round" stroke-linejoin="round" class="lucide lucide-chevron-left h-4 w-4"><path d="m15 18-6-6 6-6"></path></svg></button><div class="flex-1 text-center"><span class="text-sm sm:text-base font-semibold">Mode Zoom</span></div><button data-slot="button" class="inline-flex items-center justify-center gap-2 whitespace-nowrap rounded-md text-sm font-medium transition-[color,box-shadow] disabled:pointer-events-none disabled:opacity-50 [&amp;_svg]:pointer-events-none [&amp;_svg:not([class*=&#x27;size-&#x27;])]:size-4 [&amp;_svg]:shrink-0 ring-ring/10 dark:ring-ring/20 dark:outline-ring/40 outline-ring/50 focus-visible:ring-4 focus-visible:outline-1 aria-invalid:focus-visible:ring-0 border border-input bg-background shadow-xs hover:bg-accent hover:text-accent-foreground size-9 shrink-0" aria-label="Mode suivant"><svg xmlns="http://www.w3.org/2000/svg" width="24" height="24" viewBox="0 0 24 24" fill="none" stroke="currentColor" stroke-width="2" stroke-linecap="round" stroke-linejoin="round" class="lucide lucide-chevron-right h-4 w-4"><path d="m9 18 6-6-6-6"></path></svg></button></div></div></div>"`;

exports[`ModeSelector Component snapshot when disabled 1`] = `"<div data-slot="card" class="bg-card text-card-foreground rounded-xl border shadow-sm w-full max-w-md mx-auto"><div data-slot="card-content" class="p-3 sm:p-4"><div class="flex items-center justify-between gap-2"><button data-slot="button" class="inline-flex items-center justify-center gap-2 whitespace-nowrap rounded-md text-sm font-medium transition-[color,box-shadow] disabled:pointer-events-none disabled:opacity-50 [&amp;_svg]:pointer-events-none [&amp;_svg:not([class*=&#x27;size-&#x27;])]:size-4 [&amp;_svg]:shrink-0 ring-ring/10 dark:ring-ring/20 dark:outline-ring/40 outline-ring/50 focus-visible:ring-4 focus-visible:outline-1 aria-invalid:focus-visible:ring-0 border border-input bg-background shadow-xs hover:bg-accent hover:text-accent-foreground size-9 shrink-0" disabled="" aria-label="Mode précédent"><svg xmlns="http://www.w3.org/2000/svg" width="24" height="24" viewBox="0 0 24 24" fill="none" stroke="currentColor" stroke-width="2" stroke-linecap="round" stroke-linejoin="round" class="lucide lucide-chevron-left h-4 w-4"><path d="m15 18-6-6 6-6"></path></svg></button><div class="flex-1 text-center"><span class="text-sm sm:text-base font-semibold">Mode Flou</span></div><button data-slot="button" class="inline-flex items-center justify-center gap-2 whitespace-nowrap rounded-md text-sm font-medium transition-[color,box-shadow] disabled:pointer-events-none disabled:opacity-50 [&amp;_svg]:pointer-events-none [&amp;_svg:not([class*=&#x27;size-&#x27;])]:size-4 [&amp;_svg]:shrink-0 ring-ring/10 dark:ring-ring/20 dark:outline-ring/40 outline-ring/50 focus-visible:ring-4 focus-visible:outline-1 aria-invalid:focus-visible:ring-0 border border-input bg-background shadow-xs hover:bg-accent hover:text-accent-foreground size-9 shrink-0" disabled="" aria-label="Mode suivant"><svg xmlns="http://www.w3.org/2000/svg" width="24" height="24" viewBox="0 0 24 24" fill="none" stroke="currentColor" stroke-width="2" stroke-linecap="round" stroke-linejoin="round" class="lucide lucide-chevron-right h-4 w-4"><path d="m9 18 6-6-6-6"></path></svg></button></div></div></div>"`;
