// Bun Snapshot v1, https://goo.gl/fbAQLP

exports[`GuessInput Component snapshot with default props 1`] = `"<div data-slot="card" class="bg-card text-card-foreground rounded-xl border shadow-sm w-full max-w-md mx-auto"><div data-slot="card-content" class="p-3 sm:p-4"><form class="flex gap-2"><input type="text" data-slot="input" class="border-input file:text-foreground placeholder:text-muted-foreground selection:bg-primary selection:text-primary-foreground ring-ring/10 dark:ring-ring/20 dark:outline-ring/40 outline-ring/50 aria-invalid:outline-destructive/60 dark:aria-invalid:outline-destructive dark:aria-invalid:ring-destructive/40 aria-invalid:ring-destructive/20 aria-invalid:border-destructive/60 dark:aria-invalid:border-destructive flex h-9 w-full min-w-0 rounded-md border bg-transparent px-3 py-1 text-base shadow-xs transition-[color,box-shadow] file:inline-flex file:h-7 file:border-0 file:bg-transparent file:text-sm file:font-medium focus-visible:ring-4 focus-visible:outline-1 disabled:pointer-events-none disabled:cursor-not-allowed disabled:opacity-50 aria-invalid:focus-visible:ring-[3px] aria-invalid:focus-visible:outline-none md:text-sm dark:aria-invalid:focus-visible:ring-4 flex-1" placeholder="Entrez le nom du Pokemon..." autoComplete="off" maxLength="7" value=""/><button data-slot="button" class="inline-flex items-center justify-center gap-2 whitespace-nowrap rounded-md text-sm font-medium transition-[color,box-shadow] disabled:pointer-events-none disabled:opacity-50 [&amp;_svg]:pointer-events-none [&amp;_svg:not([class*=&#x27;size-&#x27;])]:size-4 [&amp;_svg]:shrink-0 ring-ring/10 dark:ring-ring/20 dark:outline-ring/40 outline-ring/50 focus-visible:ring-4 focus-visible:outline-1 aria-invalid:focus-visible:ring-0 bg-primary text-primary-foreground shadow-sm hover:bg-primary/90 h-9 px-4 py-2 has-[&gt;svg]:px-3" type="submit" disabled="">Deviner</button></form></div></div>"`;

exports[`GuessInput Component snapshot with short maxLength 1`] = `"<div data-slot="card" class="bg-card text-card-foreground rounded-xl border shadow-sm w-full max-w-md mx-auto"><div data-slot="card-content" class="p-3 sm:p-4"><form class="flex gap-2"><input type="text" data-slot="input" class="border-input file:text-foreground placeholder:text-muted-foreground selection:bg-primary selection:text-primary-foreground ring-ring/10 dark:ring-ring/20 dark:outline-ring/40 outline-ring/50 aria-invalid:outline-destructive/60 dark:aria-invalid:outline-destructive dark:aria-invalid:ring-destructive/40 aria-invalid:ring-destructive/20 aria-invalid:border-destructive/60 dark:aria-invalid:border-destructive flex h-9 w-full min-w-0 rounded-md border bg-transparent px-3 py-1 text-base shadow-xs transition-[color,box-shadow] file:inline-flex file:h-7 file:border-0 file:bg-transparent file:text-sm file:font-medium focus-visible:ring-4 focus-visible:outline-1 disabled:pointer-events-none disabled:cursor-not-allowed disabled:opacity-50 aria-invalid:focus-visible:ring-[3px] aria-invalid:focus-visible:outline-none md:text-sm dark:aria-invalid:focus-visible:ring-4 flex-1" placeholder="Entrez le nom du Pokemon..." autoComplete="off" maxLength="3" value=""/><button data-slot="button" class="inline-flex items-center justify-center gap-2 whitespace-nowrap rounded-md text-sm font-medium transition-[color,box-shadow] disabled:pointer-events-none disabled:opacity-50 [&amp;_svg]:pointer-events-none [&amp;_svg:not([class*=&#x27;size-&#x27;])]:size-4 [&amp;_svg]:shrink-0 ring-ring/10 dark:ring-ring/20 dark:outline-ring/40 outline-ring/50 focus-visible:ring-4 focus-visible:outline-1 aria-invalid:focus-visible:ring-0 bg-primary text-primary-foreground shadow-sm hover:bg-primary/90 h-9 px-4 py-2 has-[&gt;svg]:px-3" type="submit" disabled="">Deviner</button></form></div></div>"`;

exports[`GuessInput Component snapshot with long maxLength 1`] = `"<div data-slot="card" class="bg-card text-card-foreground rounded-xl border shadow-sm w-full max-w-md mx-auto"><div data-slot="card-content" class="p-3 sm:p-4"><form class="flex gap-2"><input type="text" data-slot="input" class="border-input file:text-foreground placeholder:text-muted-foreground selection:bg-primary selection:text-primary-foreground ring-ring/10 dark:ring-ring/20 dark:outline-ring/40 outline-ring/50 aria-invalid:outline-destructive/60 dark:aria-invalid:outline-destructive dark:aria-invalid:ring-destructive/40 aria-invalid:ring-destructive/20 aria-invalid:border-destructive/60 dark:aria-invalid:border-destructive flex h-9 w-full min-w-0 rounded-md border bg-transparent px-3 py-1 text-base shadow-xs transition-[color,box-shadow] file:inline-flex file:h-7 file:border-0 file:bg-transparent file:text-sm file:font-medium focus-visible:ring-4 focus-visible:outline-1 disabled:pointer-events-none disabled:cursor-not-allowed disabled:opacity-50 aria-invalid:focus-visible:ring-[3px] aria-invalid:focus-visible:outline-none md:text-sm dark:aria-invalid:focus-visible:ring-4 flex-1" placeholder="Entrez le nom du Pokemon..." autoComplete="off" maxLength="12" value=""/><button data-slot="button" class="inline-flex items-center justify-center gap-2 whitespace-nowrap rounded-md text-sm font-medium transition-[color,box-shadow] disabled:pointer-events-none disabled:opacity-50 [&amp;_svg]:pointer-events-none [&amp;_svg:not([class*=&#x27;size-&#x27;])]:size-4 [&amp;_svg]:shrink-0 ring-ring/10 dark:ring-ring/20 dark:outline-ring/40 outline-ring/50 focus-visible:ring-4 focus-visible:outline-1 aria-invalid:focus-visible:ring-0 bg-primary text-primary-foreground shadow-sm hover:bg-primary/90 h-9 px-4 py-2 has-[&gt;svg]:px-3" type="submit" disabled="">Deviner</button></form></div></div>"`;

exports[`GuessInput Component snapshot when disabled 1`] = `"<div data-slot="card" class="bg-card text-card-foreground rounded-xl border shadow-sm w-full max-w-md mx-auto"><div data-slot="card-content" class="p-3 sm:p-4"><form class="flex gap-2"><input type="text" data-slot="input" class="border-input file:text-foreground placeholder:text-muted-foreground selection:bg-primary selection:text-primary-foreground ring-ring/10 dark:ring-ring/20 dark:outline-ring/40 outline-ring/50 aria-invalid:outline-destructive/60 dark:aria-invalid:outline-destructive dark:aria-invalid:ring-destructive/40 aria-invalid:ring-destructive/20 aria-invalid:border-destructive/60 dark:aria-invalid:border-destructive flex h-9 w-full min-w-0 rounded-md border bg-transparent px-3 py-1 text-base shadow-xs transition-[color,box-shadow] file:inline-flex file:h-7 file:border-0 file:bg-transparent file:text-sm file:font-medium focus-visible:ring-4 focus-visible:outline-1 disabled:pointer-events-none disabled:cursor-not-allowed disabled:opacity-50 aria-invalid:focus-visible:ring-[3px] aria-invalid:focus-visible:outline-none md:text-sm dark:aria-invalid:focus-visible:ring-4 flex-1" placeholder="Entrez le nom du Pokemon..." disabled="" autoComplete="off" maxLength="7" value=""/><button data-slot="button" class="inline-flex items-center justify-center gap-2 whitespace-nowrap rounded-md text-sm font-medium transition-[color,box-shadow] disabled:pointer-events-none disabled:opacity-50 [&amp;_svg]:pointer-events-none [&amp;_svg:not([class*=&#x27;size-&#x27;])]:size-4 [&amp;_svg]:shrink-0 ring-ring/10 dark:ring-ring/20 dark:outline-ring/40 outline-ring/50 focus-visible:ring-4 focus-visible:outline-1 aria-invalid:focus-visible:ring-0 bg-primary text-primary-foreground shadow-sm hover:bg-primary/90 h-9 px-4 py-2 has-[&gt;svg]:px-3" type="submit" disabled="">Deviner</button></form></div></div>"`;

exports[`GuessInput Component snapshot without maxLength 1`] = `"<div data-slot="card" class="bg-card text-card-foreground rounded-xl border shadow-sm w-full max-w-md mx-auto"><div data-slot="card-content" class="p-3 sm:p-4"><form class="flex gap-2"><input type="text" data-slot="input" class="border-input file:text-foreground placeholder:text-muted-foreground selection:bg-primary selection:text-primary-foreground ring-ring/10 dark:ring-ring/20 dark:outline-ring/40 outline-ring/50 aria-invalid:outline-destructive/60 dark:aria-invalid:outline-destructive dark:aria-invalid:ring-destructive/40 aria-invalid:ring-destructive/20 aria-invalid:border-destructive/60 dark:aria-invalid:border-destructive flex h-9 w-full min-w-0 rounded-md border bg-transparent px-3 py-1 text-base shadow-xs transition-[color,box-shadow] file:inline-flex file:h-7 file:border-0 file:bg-transparent file:text-sm file:font-medium focus-visible:ring-4 focus-visible:outline-1 disabled:pointer-events-none disabled:cursor-not-allowed disabled:opacity-50 aria-invalid:focus-visible:ring-[3px] aria-invalid:focus-visible:outline-none md:text-sm dark:aria-invalid:focus-visible:ring-4 flex-1" placeholder="Entrez le nom du Pokemon..." autoComplete="off" value=""/><button data-slot="button" class="inline-flex items-center justify-center gap-2 whitespace-nowrap rounded-md text-sm font-medium transition-[color,box-shadow] disabled:pointer-events-none disabled:opacity-50 [&amp;_svg]:pointer-events-none [&amp;_svg:not([class*=&#x27;size-&#x27;])]:size-4 [&amp;_svg]:shrink-0 ring-ring/10 dark:ring-ring/20 dark:outline-ring/40 outline-ring/50 focus-visible:ring-4 focus-visible:outline-1 aria-invalid:focus-visible:ring-0 bg-primary text-primary-foreground shadow-sm hover:bg-primary/90 h-9 px-4 py-2 has-[&gt;svg]:px-3" type="submit" disabled="">Deviner</button></form></div></div>"`;
