// Bun Snapshot v1, https://goo.gl/fbAQLP

exports[`GenerationSelector Component snapshot with Generation I selected 1`] = `"<div class="space-y-3"><div class="space-y-2"><label data-slot="label" class="text-sm leading-none font-medium select-none group-data-[disabled=true]:pointer-events-none group-data-[disabled=true]:opacity-50 peer-disabled:cursor-not-allowed peer-disabled:opacity-50" for="generation-select">Génération Pokémon</label><button type="button" role="combobox" aria-controls="radix-_R_9_" aria-expanded="false" aria-autocomplete="none" dir="ltr" data-state="closed" data-slot="select-trigger" class="border-input data-[placeholder]:text-muted-foreground aria-invalid:border-destructive ring-ring/10 dark:ring-ring/20 dark:outline-ring/40 outline-ring/50 [&amp;_svg:not([class*=&#x27;text-&#x27;])]:text-muted-foreground flex h-9 items-center justify-between rounded-md border bg-transparent px-3 py-2 text-sm shadow-xs transition-[color,box-shadow] focus-visible:ring-4 focus-visible:outline-1 disabled:cursor-not-allowed disabled:opacity-50 aria-invalid:focus-visible:ring-0 *:data-[slot=select-value]:flex *:data-[slot=select-value]:items-center *:data-[slot=select-value]:gap-2 [&amp;_svg]:pointer-events-none [&amp;_svg]:shrink-0 [&amp;_svg:not([class*=&#x27;size-&#x27;])]:size-4 [&amp;&gt;span]:line-clamp-1 w-full" id="generation-select"><span data-slot="select-value" style="pointer-events:none"></span><svg xmlns="http://www.w3.org/2000/svg" width="24" height="24" viewBox="0 0 24 24" fill="none" stroke="currentColor" stroke-width="2" stroke-linecap="round" stroke-linejoin="round" class="lucide lucide-chevron-down size-4 opacity-50" aria-hidden="true"><path d="m6 9 6 6 6-6"></path></svg></button><select aria-hidden="true" tabindex="-1" style="position:absolute;border:0;width:1px;height:1px;padding:0;margin:-1px;overflow:hidden;clip:rect(0, 0, 0, 0);white-space:nowrap;word-wrap:normal"></select></div><div class="p-3 bg-muted rounded-lg text-sm"><div class="font-semibold">Génération I - Kanto</div><div class="text-xs text-muted-foreground mt-1">Les 151 premiers Pokémon (Rouge, Bleu, Jaune)</div></div></div>"`;

exports[`GenerationSelector Component snapshot with Generation V selected 1`] = `"<div class="space-y-3"><div class="space-y-2"><label data-slot="label" class="text-sm leading-none font-medium select-none group-data-[disabled=true]:pointer-events-none group-data-[disabled=true]:opacity-50 peer-disabled:cursor-not-allowed peer-disabled:opacity-50" for="generation-select">Génération Pokémon</label><button type="button" role="combobox" aria-controls="radix-_R_9_" aria-expanded="false" aria-autocomplete="none" dir="ltr" data-state="closed" data-slot="select-trigger" class="border-input data-[placeholder]:text-muted-foreground aria-invalid:border-destructive ring-ring/10 dark:ring-ring/20 dark:outline-ring/40 outline-ring/50 [&amp;_svg:not([class*=&#x27;text-&#x27;])]:text-muted-foreground flex h-9 items-center justify-between rounded-md border bg-transparent px-3 py-2 text-sm shadow-xs transition-[color,box-shadow] focus-visible:ring-4 focus-visible:outline-1 disabled:cursor-not-allowed disabled:opacity-50 aria-invalid:focus-visible:ring-0 *:data-[slot=select-value]:flex *:data-[slot=select-value]:items-center *:data-[slot=select-value]:gap-2 [&amp;_svg]:pointer-events-none [&amp;_svg]:shrink-0 [&amp;_svg:not([class*=&#x27;size-&#x27;])]:size-4 [&amp;&gt;span]:line-clamp-1 w-full" id="generation-select"><span data-slot="select-value" style="pointer-events:none"></span><svg xmlns="http://www.w3.org/2000/svg" width="24" height="24" viewBox="0 0 24 24" fill="none" stroke="currentColor" stroke-width="2" stroke-linecap="round" stroke-linejoin="round" class="lucide lucide-chevron-down size-4 opacity-50" aria-hidden="true"><path d="m6 9 6 6 6-6"></path></svg></button><select aria-hidden="true" tabindex="-1" style="position:absolute;border:0;width:1px;height:1px;padding:0;margin:-1px;overflow:hidden;clip:rect(0, 0, 0, 0);white-space:nowrap;word-wrap:normal"></select></div><div class="p-3 bg-muted rounded-lg text-sm"><div class="font-semibold">Génération V - Unys</div><div class="text-xs text-muted-foreground mt-1">Les 649 premiers Pokémon (Noir, Blanc, Noir 2, Blanc 2)</div></div></div>"`;

exports[`GenerationSelector Component snapshot with Generation IX selected 1`] = `"<div class="space-y-3"><div class="space-y-2"><label data-slot="label" class="text-sm leading-none font-medium select-none group-data-[disabled=true]:pointer-events-none group-data-[disabled=true]:opacity-50 peer-disabled:cursor-not-allowed peer-disabled:opacity-50" for="generation-select">Génération Pokémon</label><button type="button" role="combobox" aria-controls="radix-_R_9_" aria-expanded="false" aria-autocomplete="none" dir="ltr" data-state="closed" data-slot="select-trigger" class="border-input data-[placeholder]:text-muted-foreground aria-invalid:border-destructive ring-ring/10 dark:ring-ring/20 dark:outline-ring/40 outline-ring/50 [&amp;_svg:not([class*=&#x27;text-&#x27;])]:text-muted-foreground flex h-9 items-center justify-between rounded-md border bg-transparent px-3 py-2 text-sm shadow-xs transition-[color,box-shadow] focus-visible:ring-4 focus-visible:outline-1 disabled:cursor-not-allowed disabled:opacity-50 aria-invalid:focus-visible:ring-0 *:data-[slot=select-value]:flex *:data-[slot=select-value]:items-center *:data-[slot=select-value]:gap-2 [&amp;_svg]:pointer-events-none [&amp;_svg]:shrink-0 [&amp;_svg:not([class*=&#x27;size-&#x27;])]:size-4 [&amp;&gt;span]:line-clamp-1 w-full" id="generation-select"><span data-slot="select-value" style="pointer-events:none"></span><svg xmlns="http://www.w3.org/2000/svg" width="24" height="24" viewBox="0 0 24 24" fill="none" stroke="currentColor" stroke-width="2" stroke-linecap="round" stroke-linejoin="round" class="lucide lucide-chevron-down size-4 opacity-50" aria-hidden="true"><path d="m6 9 6 6 6-6"></path></svg></button><select aria-hidden="true" tabindex="-1" style="position:absolute;border:0;width:1px;height:1px;padding:0;margin:-1px;overflow:hidden;clip:rect(0, 0, 0, 0);white-space:nowrap;word-wrap:normal"></select></div><div class="p-3 bg-muted rounded-lg text-sm"><div class="font-semibold">Génération IX - Paldea</div><div class="text-xs text-muted-foreground mt-1">Tous les Pokémon (Écarlate, Violet, DLC)</div></div></div>"`;

exports[`GenerationSelector Component snapshot when disabled 1`] = `"<div class="space-y-3"><div class="space-y-2"><label data-slot="label" class="text-sm leading-none font-medium select-none group-data-[disabled=true]:pointer-events-none group-data-[disabled=true]:opacity-50 peer-disabled:cursor-not-allowed peer-disabled:opacity-50" for="generation-select">Génération Pokémon</label><button type="button" role="combobox" aria-controls="radix-_R_9_" aria-expanded="false" aria-autocomplete="none" dir="ltr" data-state="closed" disabled="" data-disabled="" data-slot="select-trigger" class="border-input data-[placeholder]:text-muted-foreground aria-invalid:border-destructive ring-ring/10 dark:ring-ring/20 dark:outline-ring/40 outline-ring/50 [&amp;_svg:not([class*=&#x27;text-&#x27;])]:text-muted-foreground flex h-9 items-center justify-between rounded-md border bg-transparent px-3 py-2 text-sm shadow-xs transition-[color,box-shadow] focus-visible:ring-4 focus-visible:outline-1 disabled:cursor-not-allowed disabled:opacity-50 aria-invalid:focus-visible:ring-0 *:data-[slot=select-value]:flex *:data-[slot=select-value]:items-center *:data-[slot=select-value]:gap-2 [&amp;_svg]:pointer-events-none [&amp;_svg]:shrink-0 [&amp;_svg:not([class*=&#x27;size-&#x27;])]:size-4 [&amp;&gt;span]:line-clamp-1 w-full" id="generation-select"><span data-slot="select-value" style="pointer-events:none"></span><svg xmlns="http://www.w3.org/2000/svg" width="24" height="24" viewBox="0 0 24 24" fill="none" stroke="currentColor" stroke-width="2" stroke-linecap="round" stroke-linejoin="round" class="lucide lucide-chevron-down size-4 opacity-50" aria-hidden="true"><path d="m6 9 6 6 6-6"></path></svg></button><select aria-hidden="true" tabindex="-1" disabled="" style="position:absolute;border:0;width:1px;height:1px;padding:0;margin:-1px;overflow:hidden;clip:rect(0, 0, 0, 0);white-space:nowrap;word-wrap:normal"></select></div><div class="p-3 bg-muted rounded-lg text-sm"><div class="font-semibold">Génération I - Kanto</div><div class="text-xs text-muted-foreground mt-1">Les 151 premiers Pokémon (Rouge, Bleu, Jaune)</div></div></div>"`;
