// Bun Snapshot v1, https://goo.gl/fbAQLP

exports[`PokemonInfos Component snapshot with Pikachu 1`] = `"<div data-slot="card" class="bg-card text-card-foreground rounded-xl border shadow-sm"><div data-slot="card-header" class="flex flex-col gap-1.5 p-6"><div data-slot="card-title" class="leading-none font-semibold tracking-tight text-center">Pokemon Information</div></div><div data-slot="card-content" class="p-6 pt-0"><div class="grid grid-cols-1 md:grid-cols-2 gap-4"><div><h4 class="font-semibold mb-2">Basic Info</h4><p><strong>Name:</strong> Pikachu</p><p><strong>Height:</strong> 0.4m</p><p><strong>Weight:</strong> 6kg</p></div><div><h4 class="font-semibold mb-2">Types</h4><div class="flex gap-2"><span class="px-2 py-1 bg-primary text-primary-foreground rounded text-sm">electric</span></div></div></div></div></div>"`;

exports[`PokemonInfos Component snapshot with Charizard (dual type) 1`] = `"<div data-slot="card" class="bg-card text-card-foreground rounded-xl border shadow-sm"><div data-slot="card-header" class="flex flex-col gap-1.5 p-6"><div data-slot="card-title" class="leading-none font-semibold tracking-tight text-center">Pokemon Information</div></div><div data-slot="card-content" class="p-6 pt-0"><div class="grid grid-cols-1 md:grid-cols-2 gap-4"><div><h4 class="font-semibold mb-2">Basic Info</h4><p><strong>Name:</strong> Dracaufeu</p><p><strong>Height:</strong> 1.7m</p><p><strong>Weight:</strong> 90.5kg</p></div><div><h4 class="font-semibold mb-2">Types</h4><div class="flex gap-2"><span class="px-2 py-1 bg-primary text-primary-foreground rounded text-sm">fire</span><span class="px-2 py-1 bg-primary text-primary-foreground rounded text-sm">flying</span></div></div></div></div></div>"`;

exports[`PokemonInfos Component snapshot with Mewtwo 1`] = `"<div data-slot="card" class="bg-card text-card-foreground rounded-xl border shadow-sm"><div data-slot="card-header" class="flex flex-col gap-1.5 p-6"><div data-slot="card-title" class="leading-none font-semibold tracking-tight text-center">Pokemon Information</div></div><div data-slot="card-content" class="p-6 pt-0"><div class="grid grid-cols-1 md:grid-cols-2 gap-4"><div><h4 class="font-semibold mb-2">Basic Info</h4><p><strong>Name:</strong> Mewtwo</p><p><strong>Height:</strong> 2m</p><p><strong>Weight:</strong> 122kg</p></div><div><h4 class="font-semibold mb-2">Types</h4><div class="flex gap-2"><span class="px-2 py-1 bg-primary text-primary-foreground rounded text-sm">psychic</span></div></div></div></div></div>"`;

exports[`PokemonInfos Component snapshot with Gyarados (heavy pokemon) 1`] = `"<div data-slot="card" class="bg-card text-card-foreground rounded-xl border shadow-sm"><div data-slot="card-header" class="flex flex-col gap-1.5 p-6"><div data-slot="card-title" class="leading-none font-semibold tracking-tight text-center">Pokemon Information</div></div><div data-slot="card-content" class="p-6 pt-0"><div class="grid grid-cols-1 md:grid-cols-2 gap-4"><div><h4 class="font-semibold mb-2">Basic Info</h4><p><strong>Name:</strong> LÃ©viator</p><p><strong>Height:</strong> 6.5m</p><p><strong>Weight:</strong> 235kg</p></div><div><h4 class="font-semibold mb-2">Types</h4><div class="flex gap-2"><span class="px-2 py-1 bg-primary text-primary-foreground rounded text-sm">water</span><span class="px-2 py-1 bg-primary text-primary-foreground rounded text-sm">flying</span></div></div></div></div></div>"`;
